// Jest Snapshot v1, https://goo.gl/fbAQLP

exports[`AppTitle 1`] = `
Array [
  <h1>
    🐱KimonoApp🐱
  </h1>,
  <style
    jsx={true}
  >
    
      h1 {
        color: red;
        font-size: 50px;
      }
    
  </style>,
]
`;
